 istep=      0 time=  0.0000E+00  |phi|^2=  0.1566E-03 |apar|^2=   0.0000E+00  |bpar|^2=   0.0000E+00
 istep=      1 time=  0.1000E-01  |phi|^2=  0.1653E-03 |apar|^2=   0.0000E+00  |bpar|^2=   0.0000E+00
 istep=      2 time=  0.2000E-01  |phi|^2=  0.8742E-03 |apar|^2=   0.0000E+00  |bpar|^2=   0.0000E+00
 istep=      3 time=  0.3000E-01  |phi|^2=  0.1258E-02 |apar|^2=   0.0000E+00  |bpar|^2=   0.0000E+00
 istep=      4 time=  0.4000E-01  |phi|^2=  0.1036E-02 |apar|^2=   0.0000E+00  |bpar|^2=   0.0000E+00
 istep=      5 time=  0.5000E-01  |phi|^2=  0.9507E-03 |apar|^2=   0.0000E+00  |bpar|^2=   0.0000E+00
 istep=      6 time=  0.6000E-01  |phi|^2=  0.8784E-03 |apar|^2=   0.0000E+00  |bpar|^2=   0.0000E+00
 istep=      7 time=  0.7000E-01  |phi|^2=  0.1075E-02 |apar|^2=   0.0000E+00  |bpar|^2=   0.0000E+00
 istep=      8 time=  0.8000E-01  |phi|^2=  0.1402E-02 |apar|^2=   0.0000E+00  |bpar|^2=   0.0000E+00
 istep=      9 time=  0.9000E-01  |phi|^2=  0.1289E-02 |apar|^2=   0.0000E+00  |bpar|^2=   0.0000E+00
 istep=     10 time=  0.1000E+00  |phi|^2=  0.1048E-02 |apar|^2=   0.0000E+00  |bpar|^2=   0.0000E+00
